// Jest Snapshot v1, https://goo.gl/fbAQLP

exports[`render render as snapshot 1`] = `
<DocumentFragment>
  <header
    class="header"
  >
    <div
      class="container"
    >
      <nav
        class="header__content"
      >
        <a
          aria-current="page"
          class="active"
          href="/"
        >
          Home
        </a>
        <a
          class=""
          href="/about"
        >
          About Us
        </a>
      </nav>
    </div>
  </header>
</DocumentFragment>
`;
